{
  "cache_root": "D:\\CNN信号调制识别\\vimd_amc\\standards\\cache_screening_v1",
  "cache_digest": "e219930800a24844146087b6dfa7b2fa2daf1c61aaaf2ab5b0158c4c79a80b9a",
  "configuration": {
    "split_sizes": [
      [
        "train",
        512
      ],
      [
        "validation",
        128
      ],
      [
        "heldout_channel",
        256
      ]
    ],
    "sample_length": 256,
    "guard_samples": 64,
    "sample_rate_hz": 1000000.0,
    "carrier_frequency_hz": 5900000000.0,
    "master_seed": 20260727,
    "modulations": [
      "BPSK",
      "PI2BPSK",
      "QPSK",
      "8PSK",
      "16QAM",
      "64QAM",
      "256QAM",
      "GMSK",
      "CPFSK",
      "4FSK"
    ],
    "jammer_choices": [
      "tone",
      "chirp",
      "pulse",
      "partial_band",
      "cochannel",
      "multitone"
    ],
    "train_profiles": [
      "TDL-A",
      "TDL-C",
      "TDL-D"
    ],
    "heldout_profiles": [
      "TDL-B",
      "TDL-E"
    ],
    "delay_spreads_s": [
      3.0000000000000004e-08,
      1.0000000000000001e-07,
      3.0000000000000004e-07
    ],
    "speeds_kmh": [
      0.0,
      60.0,
      120.0,
      150.0
    ],
    "snr_db_range": [
      -8.0,
      16.0
    ],
    "sir_db_range": [
      -12.0,
      8.0
    ],
    "snr_db_values": [
      -10.0,
      -6.0,
      -2.0,
      2.0,
      6.0,
      10.0,
      14.0,
      18.0
    ],
    "sir_db_values": [
      -15.0,
      -10.0,
      -5.0,
      0.0,
      5.0,
      10.0
    ],
    "evidence_designation": "screening_not_formal_tvt_evidence"
  },
  "evidence_designation": "screening_not_formal_tvt_evidence",
  "source_ids": {
    "train": [
      20260737000000,
      20260737000001,
      20260737000002,
      20260737000003,
      20260737000004,
      20260737000005,
      20260737000006,
      20260737000007,
      20260737000008,
      20260737000009,
      20260737000010,
      20260737000011,
      20260737000012,
      20260737000013,
      20260737000014,
      20260737000015,
      20260737000016,
      20260737000017,
      20260737000018,
      20260737000019,
      20260737000020,
      20260737000021,
      20260737000022,
      20260737000023,
      20260737000024,
      20260737000025,
      20260737000026,
      20260737000027,
      20260737000028,
      20260737000029,
      20260737000030,
      20260737000031,
      20260737000032,
      20260737000033,
      20260737000034,
      20260737000035,
      20260737000036,
      20260737000037,
      20260737000038,
      20260737000039,
      20260737000040,
      20260737000041,
      20260737000042,
      20260737000043,
      20260737000044,
      20260737000045,
      20260737000046,
      20260737000047,
      20260737000048,
      20260737000049,
      20260737000050,
      20260737000051,
      20260737000052,
      20260737000053,
      20260737000054,
      20260737000055,
      20260737000056,
      20260737000057,
      20260737000058,
      20260737000059,
      20260737000060,
      20260737000061,
      20260737000062,
      20260737000063,
      20260737000064,
      20260737000065,
      20260737000066,
      20260737000067,
      20260737000068,
      20260737000069,
      20260737000070,
      20260737000071,
      20260737000072,
      20260737000073,
      20260737000074,
      20260737000075,
      20260737000076,
      20260737000077,
      20260737000078,
      20260737000079,
      20260737000080,
      20260737000081,
      20260737000082,
      20260737000083,
      20260737000084,
      20260737000085,
      20260737000086,
      20260737000087,
      20260737000088,
      20260737000089,
      20260737000090,
      20260737000091,
      20260737000092,
      20260737000093,
      20260737000094,
      20260737000095,
      20260737000096,
      20260737000097,
      20260737000098,
      20260737000099,
      20260737000100,
      20260737000101,
      20260737000102,
      20260737000103,
      20260737000104,
      20260737000105,
      20260737000106,
      20260737000107,
      20260737000108,
      20260737000109,
      20260737000110,
      20260737000111,
      20260737000112,
      20260737000113,
      20260737000114,
      20260737000115,
      20260737000116,
      20260737000117,
      20260737000118,
      20260737000119,
      20260737000120,
      20260737000121,
      20260737000122,
      20260737000123,
      20260737000124,
      20260737000125,
      20260737000126,
      20260737000127,
      20260737000128,
      20260737000129,
      20260737000130,
      20260737000131,
      20260737000132,
      20260737000133,
      20260737000134,
      20260737000135,
      20260737000136,
      20260737000137,
      20260737000138,
      20260737000139,
      20260737000140,
      20260737000141,
      20260737000142,
      20260737000143,
      20260737000144,
      20260737000145,
      20260737000146,
      20260737000147,
      20260737000148,
      20260737000149,
      20260737000150,
      20260737000151,
      20260737000152,
      20260737000153,
      20260737000154,
      20260737000155,
      20260737000156,
      20260737000157,
      20260737000158,
      20260737000159,
      20260737000160,
      20260737000161,
      20260737000162,
      20260737000163,
      20260737000164,
      20260737000165,
      20260737000166,
      20260737000167,
      20260737000168,
      20260737000169,
      20260737000170,
      20260737000171,
      20260737000172,
      20260737000173,
      20260737000174,
      20260737000175,
      20260737000176,
      20260737000177,
      20260737000178,
      20260737000179,
      20260737000180,
      20260737000181,
      20260737000182,
      20260737000183,
      20260737000184,
      20260737000185,
      20260737000186,
      20260737000187,
      20260737000188,
      20260737000189,
      20260737000190,
      20260737000191,
      20260737000192,
      20260737000193,
      20260737000194,
      20260737000195,
      20260737000196,
      20260737000197,
      20260737000198,
      20260737000199,
      20260737000200,
      20260737000201,
      20260737000202,
      20260737000203,
      20260737000204,
      20260737000205,
      20260737000206,
      20260737000207,
      20260737000208,
      20260737000209,
      20260737000210,
      20260737000211,
      20260737000212,
      20260737000213,
      20260737000214,
      20260737000215,
      20260737000216,
      20260737000217,
      20260737000218,
      20260737000219,
      20260737000220,
      20260737000221,
      20260737000222,
      20260737000223,
      20260737000224,
      20260737000225,
      20260737000226,
      20260737000227,
      20260737000228,
      20260737000229,
      20260737000230,
      20260737000231,
      20260737000232,
      20260737000233,
      20260737000234,
      20260737000235,
      20260737000236,
      20260737000237,
      20260737000238,
      20260737000239,
      20260737000240,
      20260737000241,
      20260737000242,
      20260737000243,
      20260737000244,
      20260737000245,
      20260737000246,
      20260737000247,
      20260737000248,
      20260737000249,
      20260737000250,
      20260737000251,
      20260737000252,
      20260737000253,
      20260737000254,
      20260737000255,
      20260737000256,
      20260737000257,
      20260737000258,
      20260737000259,
      20260737000260,
      20260737000261,
      20260737000262,
      20260737000263,
      20260737000264,
      20260737000265,
      20260737000266,
      20260737000267,
      20260737000268,
      20260737000269,
      20260737000270,
      20260737000271,
      20260737000272,
      20260737000273,
      20260737000274,
      20260737000275,
      20260737000276,
      20260737000277,
      20260737000278,
      20260737000279,
      20260737000280,
      20260737000281,
      20260737000282,
      20260737000283,
      20260737000284,
      20260737000285,
      20260737000286,
      20260737000287,
      20260737000288,
      20260737000289,
      20260737000290,
      20260737000291,
      20260737000292,
      20260737000293,
      20260737000294,
      20260737000295,
      20260737000296,
      20260737000297,
      20260737000298,
      20260737000299,
      20260737000300,
      20260737000301,
      20260737000302,
      20260737000303,
      20260737000304,
      20260737000305,
      20260737000306,
      20260737000307,
      20260737000308,
      20260737000309,
      20260737000310,
      20260737000311,
      20260737000312,
      20260737000313,
      20260737000314,
      20260737000315,
      20260737000316,
      20260737000317,
      20260737000318,
      20260737000319,
      20260737000320,
      20260737000321,
      20260737000322,
      20260737000323,
      20260737000324,
      20260737000325,
      20260737000326,
      20260737000327,
      20260737000328,
      20260737000329,
      20260737000330,
      20260737000331,
      20260737000332,
      20260737000333,
      20260737000334,
      20260737000335,
      20260737000336,
      20260737000337,
      20260737000338,
      20260737000339,
      20260737000340,
      20260737000341,
      20260737000342,
      20260737000343,
      20260737000344,
      20260737000345,
      20260737000346,
      20260737000347,
      20260737000348,
      20260737000349,
      20260737000350,
      20260737000351,
      20260737000352,
      20260737000353,
      20260737000354,
      20260737000355,
      20260737000356,
      20260737000357,
      20260737000358,
      20260737000359,
      20260737000360,
      20260737000361,
      20260737000362,
      20260737000363,
      20260737000364,
      20260737000365,
      20260737000366,
      20260737000367,
      20260737000368,
      20260737000369,
      20260737000370,
      20260737000371,
      20260737000372,
      20260737000373,
      20260737000374,
      20260737000375,
      20260737000376,
      20260737000377,
      20260737000378,
      20260737000379,
      20260737000380,
      20260737000381,
      20260737000382,
      20260737000383,
      20260737000384,
      20260737000385,
      20260737000386,
      20260737000387,
      20260737000388,
      20260737000389,
      20260737000390,
      20260737000391,
      20260737000392,
      20260737000393,
      20260737000394,
      20260737000395,
      20260737000396,
      20260737000397,
      20260737000398,
      20260737000399,
      20260737000400,
      20260737000401,
      20260737000402,
      20260737000403,
      20260737000404,
      20260737000405,
      20260737000406,
      20260737000407,
      20260737000408,
      20260737000409,
      20260737000410,
      20260737000411,
      20260737000412,
      20260737000413,
      20260737000414,
      20260737000415,
      20260737000416,
      20260737000417,
      20260737000418,
      20260737000419,
      20260737000420,
      20260737000421,
      20260737000422,
      20260737000423,
      20260737000424,
      20260737000425,
      20260737000426,
      20260737000427,
      20260737000428,
      20260737000429,
      20260737000430,
      20260737000431,
      20260737000432,
      20260737000433,
      20260737000434,
      20260737000435,
      20260737000436,
      20260737000437,
      20260737000438,
      20260737000439,
      20260737000440,
      20260737000441,
      20260737000442,
      20260737000443,
      20260737000444,
      20260737000445,
      20260737000446,
      20260737000447,
      20260737000448,
      20260737000449,
      20260737000450,
      20260737000451,
      20260737000452,
      20260737000453,
      20260737000454,
      20260737000455,
      20260737000456,
      20260737000457,
      20260737000458,
      20260737000459,
      20260737000460,
      20260737000461,
      20260737000462,
      20260737000463,
      20260737000464,
      20260737000465,
      20260737000466,
      20260737000467,
      20260737000468,
      20260737000469,
      20260737000470,
      20260737000471,
      20260737000472,
      20260737000473,
      20260737000474,
      20260737000475,
      20260737000476,
      20260737000477,
      20260737000478,
      20260737000479,
      20260737000480,
      20260737000481,
      20260737000482,
      20260737000483,
      20260737000484,
      20260737000485,
      20260737000486,
      20260737000487,
      20260737000488,
      20260737000489,
      20260737000490,
      20260737000491,
      20260737000492,
      20260737000493,
      20260737000494,
      20260737000495,
      20260737000496,
      20260737000497,
      20260737000498,
      20260737000499,
      20260737000500,
      20260737000501,
      20260737000502,
      20260737000503,
      20260737000504,
      20260737000505,
      20260737000506,
      20260737000507,
      20260737000508,
      20260737000509,
      20260737000510,
      20260737000511
    ],
    "validation": [
      20260747000000,
      20260747000001,
      20260747000002,
      20260747000003,
      20260747000004,
      20260747000005,
      20260747000006,
      20260747000007,
      20260747000008,
      20260747000009,
      20260747000010,
      20260747000011,
      20260747000012,
      20260747000013,
      20260747000014,
      20260747000015,
      20260747000016,
      20260747000017,
      20260747000018,
      20260747000019,
      20260747000020,
      20260747000021,
      20260747000022,
      20260747000023,
      20260747000024,
      20260747000025,
      20260747000026,
      20260747000027,
      20260747000028,
      20260747000029,
      20260747000030,
      20260747000031,
      20260747000032,
      20260747000033,
      20260747000034,
      20260747000035,
      20260747000036,
      20260747000037,
      20260747000038,
      20260747000039,
      20260747000040,
      20260747000041,
      20260747000042,
      20260747000043,
      20260747000044,
      20260747000045,
      20260747000046,
      20260747000047,
      20260747000048,
      20260747000049,
      20260747000050,
      20260747000051,
      20260747000052,
      20260747000053,
      20260747000054,
      20260747000055,
      20260747000056,
      20260747000057,
      20260747000058,
      20260747000059,
      20260747000060,
      20260747000061,
      20260747000062,
      20260747000063,
      20260747000064,
      20260747000065,
      20260747000066,
      20260747000067,
      20260747000068,
      20260747000069,
      20260747000070,
      20260747000071,
      20260747000072,
      20260747000073,
      20260747000074,
      20260747000075,
      20260747000076,
      20260747000077,
      20260747000078,
      20260747000079,
      20260747000080,
      20260747000081,
      20260747000082,
      20260747000083,
      20260747000084,
      20260747000085,
      20260747000086,
      20260747000087,
      20260747000088,
      20260747000089,
      20260747000090,
      20260747000091,
      20260747000092,
      20260747000093,
      20260747000094,
      20260747000095,
      20260747000096,
      20260747000097,
      20260747000098,
      20260747000099,
      20260747000100,
      20260747000101,
      20260747000102,
      20260747000103,
      20260747000104,
      20260747000105,
      20260747000106,
      20260747000107,
      20260747000108,
      20260747000109,
      20260747000110,
      20260747000111,
      20260747000112,
      20260747000113,
      20260747000114,
      20260747000115,
      20260747000116,
      20260747000117,
      20260747000118,
      20260747000119,
      20260747000120,
      20260747000121,
      20260747000122,
      20260747000123,
      20260747000124,
      20260747000125,
      20260747000126,
      20260747000127
    ],
    "heldout_channel": [
      20260827000000,
      20260827000001,
      20260827000002,
      20260827000003,
      20260827000004,
      20260827000005,
      20260827000006,
      20260827000007,
      20260827000008,
      20260827000009,
      20260827000010,
      20260827000011,
      20260827000012,
      20260827000013,
      20260827000014,
      20260827000015,
      20260827000016,
      20260827000017,
      20260827000018,
      20260827000019,
      20260827000020,
      20260827000021,
      20260827000022,
      20260827000023,
      20260827000024,
      20260827000025,
      20260827000026,
      20260827000027,
      20260827000028,
      20260827000029,
      20260827000030,
      20260827000031,
      20260827000032,
      20260827000033,
      20260827000034,
      20260827000035,
      20260827000036,
      20260827000037,
      20260827000038,
      20260827000039,
      20260827000040,
      20260827000041,
      20260827000042,
      20260827000043,
      20260827000044,
      20260827000045,
      20260827000046,
      20260827000047,
      20260827000048,
      20260827000049,
      20260827000050,
      20260827000051,
      20260827000052,
      20260827000053,
      20260827000054,
      20260827000055,
      20260827000056,
      20260827000057,
      20260827000058,
      20260827000059,
      20260827000060,
      20260827000061,
      20260827000062,
      20260827000063,
      20260827000064,
      20260827000065,
      20260827000066,
      20260827000067,
      20260827000068,
      20260827000069,
      20260827000070,
      20260827000071,
      20260827000072,
      20260827000073,
      20260827000074,
      20260827000075,
      20260827000076,
      20260827000077,
      20260827000078,
      20260827000079,
      20260827000080,
      20260827000081,
      20260827000082,
      20260827000083,
      20260827000084,
      20260827000085,
      20260827000086,
      20260827000087,
      20260827000088,
      20260827000089,
      20260827000090,
      20260827000091,
      20260827000092,
      20260827000093,
      20260827000094,
      20260827000095,
      20260827000096,
      20260827000097,
      20260827000098,
      20260827000099,
      20260827000100,
      20260827000101,
      20260827000102,
      20260827000103,
      20260827000104,
      20260827000105,
      20260827000106,
      20260827000107,
      20260827000108,
      20260827000109,
      20260827000110,
      20260827000111,
      20260827000112,
      20260827000113,
      20260827000114,
      20260827000115,
      20260827000116,
      20260827000117,
      20260827000118,
      20260827000119,
      20260827000120,
      20260827000121,
      20260827000122,
      20260827000123,
      20260827000124,
      20260827000125,
      20260827000126,
      20260827000127,
      20260827000128,
      20260827000129,
      20260827000130,
      20260827000131,
      20260827000132,
      20260827000133,
      20260827000134,
      20260827000135,
      20260827000136,
      20260827000137,
      20260827000138,
      20260827000139,
      20260827000140,
      20260827000141,
      20260827000142,
      20260827000143,
      20260827000144,
      20260827000145,
      20260827000146,
      20260827000147,
      20260827000148,
      20260827000149,
      20260827000150,
      20260827000151,
      20260827000152,
      20260827000153,
      20260827000154,
      20260827000155,
      20260827000156,
      20260827000157,
      20260827000158,
      20260827000159,
      20260827000160,
      20260827000161,
      20260827000162,
      20260827000163,
      20260827000164,
      20260827000165,
      20260827000166,
      20260827000167,
      20260827000168,
      20260827000169,
      20260827000170,
      20260827000171,
      20260827000172,
      20260827000173,
      20260827000174,
      20260827000175,
      20260827000176,
      20260827000177,
      20260827000178,
      20260827000179,
      20260827000180,
      20260827000181,
      20260827000182,
      20260827000183,
      20260827000184,
      20260827000185,
      20260827000186,
      20260827000187,
      20260827000188,
      20260827000189,
      20260827000190,
      20260827000191,
      20260827000192,
      20260827000193,
      20260827000194,
      20260827000195,
      20260827000196,
      20260827000197,
      20260827000198,
      20260827000199,
      20260827000200,
      20260827000201,
      20260827000202,
      20260827000203,
      20260827000204,
      20260827000205,
      20260827000206,
      20260827000207,
      20260827000208,
      20260827000209,
      20260827000210,
      20260827000211,
      20260827000212,
      20260827000213,
      20260827000214,
      20260827000215,
      20260827000216,
      20260827000217,
      20260827000218,
      20260827000219,
      20260827000220,
      20260827000221,
      20260827000222,
      20260827000223,
      20260827000224,
      20260827000225,
      20260827000226,
      20260827000227,
      20260827000228,
      20260827000229,
      20260827000230,
      20260827000231,
      20260827000232,
      20260827000233,
      20260827000234,
      20260827000235,
      20260827000236,
      20260827000237,
      20260827000238,
      20260827000239,
      20260827000240,
      20260827000241,
      20260827000242,
      20260827000243,
      20260827000244,
      20260827000245,
      20260827000246,
      20260827000247,
      20260827000248,
      20260827000249,
      20260827000250,
      20260827000251,
      20260827000252,
      20260827000253,
      20260827000254,
      20260827000255
    ]
  },
  "profile_policy": {
    "train_and_validation": [
      "TDL-A",
      "TDL-C",
      "TDL-D"
    ],
    "heldout_channel": [
      "TDL-B",
      "TDL-E"
    ]
  },
  "validation": {
    "train": {
      "max_component_error": 5.499467688979988e-07,
      "max_snr_error_db": 7.050896000393436e-08,
      "max_sir_error_db": 2.505523006846033e-07,
      "min_active_jammer_power": 0.008566804919577228
    },
    "validation": {
      "max_component_error": 2.8502274951612525e-07,
      "max_snr_error_db": 5.8797869684212856e-08,
      "max_sir_error_db": 7.077261576782234e-07,
      "min_active_jammer_power": 0.008864723382922896
    },
    "heldout_channel": {
      "max_component_error": 5.774199962615967e-07,
      "max_snr_error_db": 6.472404479040961e-08,
      "max_sir_error_db": 4.962241186845517e-07,
      "min_active_jammer_power": 0.008631664686022299
    }
  }
}
